2026-07-31T14:33:28.155+09:00  INFO 32172 --- [skala-shopping] [main] c.s.s.SkalaShoppingApplication           : Starting SkalaShoppingApplication using Java 21.0.11 with PID 32172 (/Users/geunhye/Skala_shop/skala-shopping/build/classes/java/main started by geunhye in /Users/geunhye/Skala_shop/skala-shopping)
2026-07-31T14:33:28.156+09:00  INFO 32172 --- [skala-shopping] [main] c.s.s.SkalaShoppingApplication           : No active profile set, falling back to 1 default profile: "default"
2026-07-31T14:33:28.386+09:00  INFO 32172 --- [skala-shopping] [main] .s.d.r.c.RepositoryConfigurationDelegate : Bootstrapping Spring Data JPA repositories in DEFAULT mode.
2026-07-31T14:33:28.406+09:00  INFO 32172 --- [skala-shopping] [main] .s.d.r.c.RepositoryConfigurationDelegate : Finished Spring Data repository scanning in 16 ms. Found 1 JPA repository interface.
2026-07-31T14:33:28.588+09:00  INFO 32172 --- [skala-shopping] [main] o.s.boot.tomcat.TomcatWebServer          : Tomcat initialized with port 8080 (http)
2026-07-31T14:33:28.595+09:00  INFO 32172 --- [skala-shopping] [main] o.apache.catalina.core.StandardService   : Starting service [Tomcat]
2026-07-31T14:33:28.595+09:00  INFO 32172 --- [skala-shopping] [main] o.apache.catalina.core.StandardEngine    : Starting Servlet engine: [Apache Tomcat/11.0.22]
2026-07-31T14:33:28.613+09:00  INFO 32172 --- [skala-shopping] [main] b.w.c.s.WebApplicationContextInitializer : Root WebApplicationContext: initialization completed in 442 ms
2026-07-31T14:33:28.681+09:00  INFO 32172 --- [skala-shopping] [main] org.hibernate.orm.jpa                    : HHH008540: Processing PersistenceUnitInfo [name: default]
2026-07-31T14:33:28.707+09:00  INFO 32172 --- [skala-shopping] [main] org.hibernate.orm.core                   : HHH000001: Hibernate ORM core version 7.4.1.Final
2026-07-31T14:33:28.883+09:00  INFO 32172 --- [skala-shopping] [main] o.s.o.j.p.SpringPersistenceUnitInfo      : No LoadTimeWeaver setup: ignoring JPA class transformer
2026-07-31T14:33:28.896+09:00  INFO 32172 --- [skala-shopping] [main] com.zaxxer.hikari.HikariDataSource       : HikariPool-1 - Starting...
2026-07-31T14:33:28.967+09:00  INFO 32172 --- [skala-shopping] [main] com.zaxxer.hikari.pool.HikariPool        : HikariPool-1 - Added connection conn0: url=jdbc:h2:mem:shopdb user=SA
2026-07-31T14:33:28.968+09:00  INFO 32172 --- [skala-shopping] [main] com.zaxxer.hikari.HikariDataSource       : HikariPool-1 - Start completed.
2026-07-31T14:33:28.993+09:00  INFO 32172 --- [skala-shopping] [main] org.hibernate.orm.connections.pooling    : HHH10001005: Database info:
	Database JDBC URL [jdbc:h2:mem:shopdb]
	Database driver: H2 JDBC Driver
	Database dialect: H2Dialect
	Database version: 2.4.240
	Default catalog/schema: SHOPDB/PUBLIC
	Autocommit mode: undefined/unknown
	Isolation level: READ_COMMITTED [default READ_COMMITTED]
	JDBC fetch size: 100
	Pool: DataSourceConnectionProvider
	Minimum pool size: undefined/unknown
	Maximum pool size: undefined/unknown
2026-07-31T14:33:29.346+09:00  INFO 32172 --- [skala-shopping] [main] org.hibernate.orm.core                   : HHH000489: No JTA platform available (set 'hibernate.transaction.jta.platform' to enable JTA platform integration)
2026-07-31T14:33:29.359+09:00  INFO 32172 --- [skala-shopping] [main] j.LocalContainerEntityManagerFactoryBean : Initialized JPA EntityManagerFactory for persistence unit 'default'
2026-07-31T14:33:29.392+09:00  INFO 32172 --- [skala-shopping] [main] o.s.d.j.r.query.QueryEnhancerFactories   : Hibernate is in classpath; If applicable, HQL parser will be used.
2026-07-31T14:33:29.628+09:00  INFO 32172 --- [skala-shopping] [main] o.s.boot.tomcat.TomcatWebServer          : Tomcat started on port 8080 (http) with context path '/'
2026-07-31T14:33:29.632+09:00  INFO 32172 --- [skala-shopping] [main] c.s.s.SkalaShoppingApplication           : Started SkalaShoppingApplication in 1.701 seconds (process running for 1.879)
2026-07-31T14:33:34.547+09:00  INFO 32172 --- [skala-shopping] [http-nio-8080-exec-2] o.a.c.c.C.[Tomcat].[localhost].[/]       : Initializing Spring DispatcherServlet 'dispatcherServlet'
2026-07-31T14:33:34.547+09:00  INFO 32172 --- [skala-shopping] [http-nio-8080-exec-2] o.s.web.servlet.DispatcherServlet        : Initializing Servlet 'dispatcherServlet'
2026-07-31T14:33:34.548+09:00  INFO 32172 --- [skala-shopping] [http-nio-8080-exec-2] o.s.web.servlet.DispatcherServlet        : Completed initialization in 1 ms
2026-07-31T14:33:34.629+09:00  INFO 32172 --- [skala-shopping] [http-nio-8080-exec-2] c.s.s.service.ProductService             : 상품 등록: name=모니터, price=250000
2026-07-31T14:33:43.511+09:00  WARN 32172 --- [skala-shopping] [http-nio-8080-exec-4] c.s.s.exception.GlobalExceptionHandler   : BusinessException: PRODUCT_NOT_FOUND /api/products/999
2026-07-31T14:47:17.986+09:00  INFO 32172 --- [skala-shopping] [SpringApplicationShutdownHook] o.s.boot.tomcat.GracefulShutdown         : Commencing graceful shutdown. Waiting for active requests to complete
2026-07-31T14:47:18.006+09:00  INFO 32172 --- [skala-shopping] [tomcat-shutdown] o.s.boot.tomcat.GracefulShutdown         : Graceful shutdown complete
2026-07-31T14:47:18.010+09:00  INFO 32172 --- [skala-shopping] [SpringApplicationShutdownHook] j.LocalContainerEntityManagerFactoryBean : Closing JPA EntityManagerFactory for persistence unit 'default'
2026-07-31T14:47:18.015+09:00  INFO 32172 --- [skala-shopping] [SpringApplicationShutdownHook] com.zaxxer.hikari.HikariDataSource       : HikariPool-1 - Shutdown initiated...
2026-07-31T14:47:18.017+09:00  INFO 32172 --- [skala-shopping] [SpringApplicationShutdownHook] com.zaxxer.hikari.HikariDataSource       : HikariPool-1 - Shutdown completed.
2026-07-31T14:50:33.132+09:00  INFO 33303 --- [skala-shopping] [main] c.s.s.SkalaShoppingApplication           : Starting SkalaShoppingApplication using Java 21.0.11 with PID 33303 (/Users/geunhye/Skala_shop/skala-shopping/build/classes/java/main started by geunhye in /Users/geunhye/Skala_shop/skala-shopping)
2026-07-31T14:50:33.134+09:00  INFO 33303 --- [skala-shopping] [main] c.s.s.SkalaShoppingApplication           : No active profile set, falling back to 1 default profile: "default"
2026-07-31T14:50:33.356+09:00  INFO 33303 --- [skala-shopping] [main] .s.d.r.c.RepositoryConfigurationDelegate : Bootstrapping Spring Data JPA repositories in DEFAULT mode.
2026-07-31T14:50:33.377+09:00  INFO 33303 --- [skala-shopping] [main] .s.d.r.c.RepositoryConfigurationDelegate : Finished Spring Data repository scanning in 16 ms. Found 1 JPA repository interface.
2026-07-31T14:50:33.577+09:00  INFO 33303 --- [skala-shopping] [main] o.s.boot.tomcat.TomcatWebServer          : Tomcat initialized with port 8080 (http)
2026-07-31T14:50:33.584+09:00  INFO 33303 --- [skala-shopping] [main] o.apache.catalina.core.StandardService   : Starting service [Tomcat]
2026-07-31T14:50:33.584+09:00  INFO 33303 --- [skala-shopping] [main] o.apache.catalina.core.StandardEngine    : Starting Servlet engine: [Apache Tomcat/11.0.22]
2026-07-31T14:50:33.602+09:00  INFO 33303 --- [skala-shopping] [main] b.w.c.s.WebApplicationContextInitializer : Root WebApplicationContext: initialization completed in 454 ms
2026-07-31T14:50:33.672+09:00  INFO 33303 --- [skala-shopping] [main] org.hibernate.orm.jpa                    : HHH008540: Processing PersistenceUnitInfo [name: default]
2026-07-31T14:50:33.697+09:00  INFO 33303 --- [skala-shopping] [main] org.hibernate.orm.core                   : HHH000001: Hibernate ORM core version 7.4.1.Final
2026-07-31T14:50:33.868+09:00  INFO 33303 --- [skala-shopping] [main] o.s.o.j.p.SpringPersistenceUnitInfo      : No LoadTimeWeaver setup: ignoring JPA class transformer
2026-07-31T14:50:33.882+09:00  INFO 33303 --- [skala-shopping] [main] com.zaxxer.hikari.HikariDataSource       : HikariPool-1 - Starting...
2026-07-31T14:50:33.964+09:00  INFO 33303 --- [skala-shopping] [main] com.zaxxer.hikari.pool.HikariPool        : HikariPool-1 - Added connection conn0: url=jdbc:h2:mem:shopdb user=SA
2026-07-31T14:50:33.964+09:00  INFO 33303 --- [skala-shopping] [main] com.zaxxer.hikari.HikariDataSource       : HikariPool-1 - Start completed.
2026-07-31T14:50:33.998+09:00  INFO 33303 --- [skala-shopping] [main] org.hibernate.orm.connections.pooling    : HHH10001005: Database info:
	Database JDBC URL [jdbc:h2:mem:shopdb]
	Database driver: H2 JDBC Driver
	Database dialect: H2Dialect
	Database version: 2.4.240
	Default catalog/schema: SHOPDB/PUBLIC
	Autocommit mode: undefined/unknown
	Isolation level: READ_COMMITTED [default READ_COMMITTED]
	JDBC fetch size: 100
	Pool: DataSourceConnectionProvider
	Minimum pool size: undefined/unknown
	Maximum pool size: undefined/unknown
2026-07-31T14:50:34.463+09:00  INFO 33303 --- [skala-shopping] [main] org.hibernate.orm.core                   : HHH000489: No JTA platform available (set 'hibernate.transaction.jta.platform' to enable JTA platform integration)
2026-07-31T14:50:34.503+09:00  INFO 33303 --- [skala-shopping] [main] j.LocalContainerEntityManagerFactoryBean : Initialized JPA EntityManagerFactory for persistence unit 'default'
2026-07-31T14:50:34.591+09:00  INFO 33303 --- [skala-shopping] [main] o.s.d.j.r.query.QueryEnhancerFactories   : Hibernate is in classpath; If applicable, HQL parser will be used.
2026-07-31T14:50:34.829+09:00  INFO 33303 --- [skala-shopping] [main] o.s.boot.tomcat.TomcatWebServer          : Tomcat started on port 8080 (http) with context path '/'
2026-07-31T14:50:34.832+09:00  INFO 33303 --- [skala-shopping] [main] c.s.s.SkalaShoppingApplication           : Started SkalaShoppingApplication in 1.898 seconds (process running for 2.05)
2026-07-31T14:50:48.221+09:00  INFO 33303 --- [skala-shopping] [http-nio-8080-exec-1] o.a.c.c.C.[Tomcat].[localhost].[/]       : Initializing Spring DispatcherServlet 'dispatcherServlet'
2026-07-31T14:50:48.221+09:00  INFO 33303 --- [skala-shopping] [http-nio-8080-exec-1] o.s.web.servlet.DispatcherServlet        : Initializing Servlet 'dispatcherServlet'
2026-07-31T14:50:48.223+09:00  INFO 33303 --- [skala-shopping] [http-nio-8080-exec-1] o.s.web.servlet.DispatcherServlet        : Completed initialization in 2 ms
2026-07-31T15:02:04.572+09:00  INFO 33303 --- [skala-shopping] [SpringApplicationShutdownHook] o.s.boot.tomcat.GracefulShutdown         : Commencing graceful shutdown. Waiting for active requests to complete
2026-07-31T15:02:04.584+09:00  INFO 33303 --- [skala-shopping] [tomcat-shutdown] o.s.boot.tomcat.GracefulShutdown         : Graceful shutdown complete
2026-07-31T15:02:04.588+09:00  INFO 33303 --- [skala-shopping] [SpringApplicationShutdownHook] j.LocalContainerEntityManagerFactoryBean : Closing JPA EntityManagerFactory for persistence unit 'default'
2026-07-31T15:02:04.593+09:00  INFO 33303 --- [skala-shopping] [SpringApplicationShutdownHook] com.zaxxer.hikari.HikariDataSource       : HikariPool-1 - Shutdown initiated...
2026-07-31T15:02:04.594+09:00  INFO 33303 --- [skala-shopping] [SpringApplicationShutdownHook] com.zaxxer.hikari.HikariDataSource       : HikariPool-1 - Shutdown completed.
2026-07-31T15:06:12.049+09:00  INFO 34678 --- [skala-shopping] [main] c.s.s.SkalaShoppingApplication           : Starting SkalaShoppingApplication using Java 21.0.11 with PID 34678 (/Users/geunhye/Skala_shop/skala-shopping/build/classes/java/main started by geunhye in /Users/geunhye/Skala_shop/skala-shopping)
2026-07-31T15:06:12.050+09:00  INFO 34678 --- [skala-shopping] [main] c.s.s.SkalaShoppingApplication           : No active profile set, falling back to 1 default profile: "default"
2026-07-31T15:06:12.242+09:00  INFO 34678 --- [skala-shopping] [main] .s.d.r.c.RepositoryConfigurationDelegate : Bootstrapping Spring Data JPA repositories in DEFAULT mode.
2026-07-31T15:06:12.258+09:00  INFO 34678 --- [skala-shopping] [main] .s.d.r.c.RepositoryConfigurationDelegate : Finished Spring Data repository scanning in 13 ms. Found 2 JPA repository interfaces.
2026-07-31T15:06:12.457+09:00  INFO 34678 --- [skala-shopping] [main] o.s.boot.tomcat.TomcatWebServer          : Tomcat initialized with port 8080 (http)
2026-07-31T15:06:12.462+09:00  INFO 34678 --- [skala-shopping] [main] o.apache.catalina.core.StandardService   : Starting service [Tomcat]
2026-07-31T15:06:12.462+09:00  INFO 34678 --- [skala-shopping] [main] o.apache.catalina.core.StandardEngine    : Starting Servlet engine: [Apache Tomcat/11.0.22]
2026-07-31T15:06:12.480+09:00  INFO 34678 --- [skala-shopping] [main] b.w.c.s.WebApplicationContextInitializer : Root WebApplicationContext: initialization completed in 418 ms
2026-07-31T15:06:12.535+09:00  INFO 34678 --- [skala-shopping] [main] org.hibernate.orm.jpa                    : HHH008540: Processing PersistenceUnitInfo [name: default]
2026-07-31T15:06:12.561+09:00  INFO 34678 --- [skala-shopping] [main] org.hibernate.orm.core                   : HHH000001: Hibernate ORM core version 7.4.1.Final
2026-07-31T15:06:12.713+09:00  INFO 34678 --- [skala-shopping] [main] o.s.o.j.p.SpringPersistenceUnitInfo      : No LoadTimeWeaver setup: ignoring JPA class transformer
2026-07-31T15:06:12.725+09:00  INFO 34678 --- [skala-shopping] [main] com.zaxxer.hikari.HikariDataSource       : HikariPool-1 - Starting...
2026-07-31T15:06:12.794+09:00  INFO 34678 --- [skala-shopping] [main] com.zaxxer.hikari.pool.HikariPool        : HikariPool-1 - Added connection conn0: url=jdbc:h2:mem:shopdb user=SA
2026-07-31T15:06:12.795+09:00  INFO 34678 --- [skala-shopping] [main] com.zaxxer.hikari.HikariDataSource       : HikariPool-1 - Start completed.
2026-07-31T15:06:12.817+09:00  INFO 34678 --- [skala-shopping] [main] org.hibernate.orm.connections.pooling    : HHH10001005: Database info:
	Database JDBC URL [jdbc:h2:mem:shopdb]
	Database driver: H2 JDBC Driver
	Database dialect: H2Dialect
	Database version: 2.4.240
	Default catalog/schema: SHOPDB/PUBLIC
	Autocommit mode: undefined/unknown
	Isolation level: READ_COMMITTED [default READ_COMMITTED]
	JDBC fetch size: 100
	Pool: DataSourceConnectionProvider
	Minimum pool size: undefined/unknown
	Maximum pool size: undefined/unknown
2026-07-31T15:06:13.151+09:00  INFO 34678 --- [skala-shopping] [main] org.hibernate.orm.core                   : HHH000489: No JTA platform available (set 'hibernate.transaction.jta.platform' to enable JTA platform integration)
2026-07-31T15:06:13.164+09:00  INFO 34678 --- [skala-shopping] [main] j.LocalContainerEntityManagerFactoryBean : Initialized JPA EntityManagerFactory for persistence unit 'default'
2026-07-31T15:06:13.191+09:00  INFO 34678 --- [skala-shopping] [main] o.s.d.j.r.query.QueryEnhancerFactories   : Hibernate is in classpath; If applicable, HQL parser will be used.
2026-07-31T15:06:13.350+09:00  WARN 34678 --- [skala-shopping] [main] .s.a.UserDetailsServiceAutoConfiguration : 

Using generated security password: da87c516-14f8-4523-8f34-f9488b5825ed

This generated password is for development use only. Your security configuration must be updated before running your application in production.

2026-07-31T15:06:13.365+09:00  INFO 34678 --- [skala-shopping] [main] r$InitializeUserDetailsManagerConfigurer : Global AuthenticationManager configured with UserDetailsService bean with name inMemoryUserDetailsManager
2026-07-31T15:06:13.414+09:00  INFO 34678 --- [skala-shopping] [main] o.s.boot.tomcat.TomcatWebServer          : Tomcat started on port 8080 (http) with context path '/'
2026-07-31T15:06:13.416+09:00  INFO 34678 --- [skala-shopping] [main] c.s.s.SkalaShoppingApplication           : Started SkalaShoppingApplication in 1.533 seconds (process running for 1.661)
2026-07-31T15:06:26.214+09:00  INFO 34678 --- [skala-shopping] [SpringApplicationShutdownHook] o.s.boot.tomcat.GracefulShutdown         : Commencing graceful shutdown. Waiting for active requests to complete
2026-07-31T15:06:26.225+09:00  INFO 34678 --- [skala-shopping] [tomcat-shutdown] o.s.boot.tomcat.GracefulShutdown         : Graceful shutdown complete
2026-07-31T15:06:26.229+09:00  INFO 34678 --- [skala-shopping] [SpringApplicationShutdownHook] j.LocalContainerEntityManagerFactoryBean : Closing JPA EntityManagerFactory for persistence unit 'default'
2026-07-31T15:06:26.234+09:00  INFO 34678 --- [skala-shopping] [SpringApplicationShutdownHook] com.zaxxer.hikari.HikariDataSource       : HikariPool-1 - Shutdown initiated...
2026-07-31T15:06:26.235+09:00  INFO 34678 --- [skala-shopping] [SpringApplicationShutdownHook] com.zaxxer.hikari.HikariDataSource       : HikariPool-1 - Shutdown completed.
2026-07-31T15:13:19.807+09:00  INFO 35550 --- [skala-shopping] [main] c.s.s.SkalaShoppingApplication           : Starting SkalaShoppingApplication using Java 21.0.11 with PID 35550 (/Users/geunhye/Skala_shop/skala-shopping/build/classes/java/main started by geunhye in /Users/geunhye/Skala_shop/skala-shopping)
2026-07-31T15:13:19.809+09:00  INFO 35550 --- [skala-shopping] [main] c.s.s.SkalaShoppingApplication           : No active profile set, falling back to 1 default profile: "default"
2026-07-31T15:13:20.026+09:00  INFO 35550 --- [skala-shopping] [main] .s.d.r.c.RepositoryConfigurationDelegate : Bootstrapping Spring Data JPA repositories in DEFAULT mode.
2026-07-31T15:13:20.046+09:00  INFO 35550 --- [skala-shopping] [main] .s.d.r.c.RepositoryConfigurationDelegate : Finished Spring Data repository scanning in 16 ms. Found 2 JPA repository interfaces.
2026-07-31T15:13:20.255+09:00  INFO 35550 --- [skala-shopping] [main] o.s.boot.tomcat.TomcatWebServer          : Tomcat initialized with port 8080 (http)
2026-07-31T15:13:20.260+09:00  INFO 35550 --- [skala-shopping] [main] o.apache.catalina.core.StandardService   : Starting service [Tomcat]
2026-07-31T15:13:20.261+09:00  INFO 35550 --- [skala-shopping] [main] o.apache.catalina.core.StandardEngine    : Starting Servlet engine: [Apache Tomcat/11.0.22]
2026-07-31T15:13:20.282+09:00  INFO 35550 --- [skala-shopping] [main] b.w.c.s.WebApplicationContextInitializer : Root WebApplicationContext: initialization completed in 458 ms
2026-07-31T15:13:20.350+09:00  INFO 35550 --- [skala-shopping] [main] org.hibernate.orm.jpa                    : HHH008540: Processing PersistenceUnitInfo [name: default]
2026-07-31T15:13:20.382+09:00  INFO 35550 --- [skala-shopping] [main] org.hibernate.orm.core                   : HHH000001: Hibernate ORM core version 7.4.1.Final
2026-07-31T15:13:20.542+09:00  INFO 35550 --- [skala-shopping] [main] o.s.o.j.p.SpringPersistenceUnitInfo      : No LoadTimeWeaver setup: ignoring JPA class transformer
2026-07-31T15:13:20.555+09:00  INFO 35550 --- [skala-shopping] [main] com.zaxxer.hikari.HikariDataSource       : HikariPool-1 - Starting...
2026-07-31T15:13:20.624+09:00  INFO 35550 --- [skala-shopping] [main] com.zaxxer.hikari.pool.HikariPool        : HikariPool-1 - Added connection conn0: url=jdbc:h2:mem:shopdb user=SA
2026-07-31T15:13:20.625+09:00  INFO 35550 --- [skala-shopping] [main] com.zaxxer.hikari.HikariDataSource       : HikariPool-1 - Start completed.
2026-07-31T15:13:20.649+09:00  INFO 35550 --- [skala-shopping] [main] org.hibernate.orm.connections.pooling    : HHH10001005: Database info:
	Database JDBC URL [jdbc:h2:mem:shopdb]
	Database driver: H2 JDBC Driver
	Database dialect: H2Dialect
	Database version: 2.4.240
	Default catalog/schema: SHOPDB/PUBLIC
	Autocommit mode: undefined/unknown
	Isolation level: READ_COMMITTED [default READ_COMMITTED]
	JDBC fetch size: 100
	Pool: DataSourceConnectionProvider
	Minimum pool size: undefined/unknown
	Maximum pool size: undefined/unknown
2026-07-31T15:13:21.050+09:00  INFO 35550 --- [skala-shopping] [main] org.hibernate.orm.core                   : HHH000489: No JTA platform available (set 'hibernate.transaction.jta.platform' to enable JTA platform integration)
2026-07-31T15:13:21.064+09:00  INFO 35550 --- [skala-shopping] [main] j.LocalContainerEntityManagerFactoryBean : Initialized JPA EntityManagerFactory for persistence unit 'default'
2026-07-31T15:13:21.095+09:00  INFO 35550 --- [skala-shopping] [main] o.s.d.j.r.query.QueryEnhancerFactories   : Hibernate is in classpath; If applicable, HQL parser will be used.
2026-07-31T15:13:21.211+09:00  WARN 35550 --- [skala-shopping] [main] .s.a.UserDetailsServiceAutoConfiguration : 

Using generated security password: 4f0c2e4a-0fed-4418-9c73-214a23317a09

This generated password is for development use only. Your security configuration must be updated before running your application in production.

2026-07-31T15:13:21.213+09:00  INFO 35550 --- [skala-shopping] [main] r$InitializeUserDetailsManagerConfigurer : Global AuthenticationManager configured with UserDetailsService bean with name inMemoryUserDetailsManager
2026-07-31T15:13:21.372+09:00  INFO 35550 --- [skala-shopping] [main] o.s.boot.tomcat.TomcatWebServer          : Tomcat started on port 8080 (http) with context path '/'
2026-07-31T15:13:21.374+09:00  INFO 35550 --- [skala-shopping] [main] c.s.s.SkalaShoppingApplication           : Started SkalaShoppingApplication in 1.727 seconds (process running for 1.856)
2026-07-31T15:13:33.794+09:00  INFO 35550 --- [skala-shopping] [http-nio-8080-exec-1] o.a.c.c.C.[Tomcat].[localhost].[/]       : Initializing Spring DispatcherServlet 'dispatcherServlet'
2026-07-31T15:13:33.794+09:00  INFO 35550 --- [skala-shopping] [http-nio-8080-exec-1] o.s.web.servlet.DispatcherServlet        : Initializing Servlet 'dispatcherServlet'
2026-07-31T15:13:33.795+09:00  INFO 35550 --- [skala-shopping] [http-nio-8080-exec-1] o.s.web.servlet.DispatcherServlet        : Completed initialization in 1 ms
2026-07-31T15:13:47.054+09:00  WARN 35550 --- [skala-shopping] [http-nio-8080-exec-4] c.s.s.exception.GlobalExceptionHandler   : BusinessException: INVALID_CREDENTIALS /api/customers/login
2026-07-31T15:15:10.426+09:00  WARN 35550 --- [skala-shopping] [http-nio-8080-exec-10] c.s.s.exception.GlobalExceptionHandler   : BusinessException: INVALID_CREDENTIALS /api/customers/login
2026-07-31T15:24:19.476+09:00  INFO 35550 --- [skala-shopping] [SpringApplicationShutdownHook] o.s.boot.tomcat.GracefulShutdown         : Commencing graceful shutdown. Waiting for active requests to complete
2026-07-31T15:24:19.487+09:00  INFO 35550 --- [skala-shopping] [tomcat-shutdown] o.s.boot.tomcat.GracefulShutdown         : Graceful shutdown complete
2026-07-31T15:24:19.493+09:00  INFO 35550 --- [skala-shopping] [SpringApplicationShutdownHook] j.LocalContainerEntityManagerFactoryBean : Closing JPA EntityManagerFactory for persistence unit 'default'
2026-07-31T15:24:19.497+09:00  INFO 35550 --- [skala-shopping] [SpringApplicationShutdownHook] com.zaxxer.hikari.HikariDataSource       : HikariPool-1 - Shutdown initiated...
2026-07-31T15:24:19.498+09:00  INFO 35550 --- [skala-shopping] [SpringApplicationShutdownHook] com.zaxxer.hikari.HikariDataSource       : HikariPool-1 - Shutdown completed.
2026-07-31T15:24:22.281+09:00  INFO 36399 --- [skala-shopping] [main] c.s.s.SkalaShoppingApplication           : Starting SkalaShoppingApplication using Java 21.0.11 with PID 36399 (/Users/geunhye/Skala_shop/skala-shopping/build/classes/java/main started by geunhye in /Users/geunhye/Skala_shop/skala-shopping)
2026-07-31T15:24:22.282+09:00  INFO 36399 --- [skala-shopping] [main] c.s.s.SkalaShoppingApplication           : No active profile set, falling back to 1 default profile: "default"
2026-07-31T15:24:22.517+09:00  INFO 36399 --- [skala-shopping] [main] .s.d.r.c.RepositoryConfigurationDelegate : Bootstrapping Spring Data JPA repositories in DEFAULT mode.
2026-07-31T15:24:22.536+09:00  INFO 36399 --- [skala-shopping] [main] .s.d.r.c.RepositoryConfigurationDelegate : Finished Spring Data repository scanning in 16 ms. Found 3 JPA repository interfaces.
2026-07-31T15:24:22.745+09:00  INFO 36399 --- [skala-shopping] [main] o.s.boot.tomcat.TomcatWebServer          : Tomcat initialized with port 8080 (http)
2026-07-31T15:24:22.752+09:00  INFO 36399 --- [skala-shopping] [main] o.apache.catalina.core.StandardService   : Starting service [Tomcat]
2026-07-31T15:24:22.752+09:00  INFO 36399 --- [skala-shopping] [main] o.apache.catalina.core.StandardEngine    : Starting Servlet engine: [Apache Tomcat/11.0.22]
2026-07-31T15:24:22.768+09:00  INFO 36399 --- [skala-shopping] [main] b.w.c.s.WebApplicationContextInitializer : Root WebApplicationContext: initialization completed in 470 ms
2026-07-31T15:24:22.834+09:00  INFO 36399 --- [skala-shopping] [main] org.hibernate.orm.jpa                    : HHH008540: Processing PersistenceUnitInfo [name: default]
2026-07-31T15:24:22.858+09:00  INFO 36399 --- [skala-shopping] [main] org.hibernate.orm.core                   : HHH000001: Hibernate ORM core version 7.4.1.Final
2026-07-31T15:24:23.008+09:00  INFO 36399 --- [skala-shopping] [main] o.s.o.j.p.SpringPersistenceUnitInfo      : No LoadTimeWeaver setup: ignoring JPA class transformer
2026-07-31T15:24:23.020+09:00  INFO 36399 --- [skala-shopping] [main] com.zaxxer.hikari.HikariDataSource       : HikariPool-1 - Starting...
2026-07-31T15:24:23.081+09:00  INFO 36399 --- [skala-shopping] [main] com.zaxxer.hikari.pool.HikariPool        : HikariPool-1 - Added connection conn0: url=jdbc:h2:mem:shopdb user=SA
2026-07-31T15:24:23.082+09:00  INFO 36399 --- [skala-shopping] [main] com.zaxxer.hikari.HikariDataSource       : HikariPool-1 - Start completed.
2026-07-31T15:24:23.105+09:00  INFO 36399 --- [skala-shopping] [main] org.hibernate.orm.connections.pooling    : HHH10001005: Database info:
	Database JDBC URL [jdbc:h2:mem:shopdb]
	Database driver: H2 JDBC Driver
	Database dialect: H2Dialect
	Database version: 2.4.240
	Default catalog/schema: SHOPDB/PUBLIC
	Autocommit mode: undefined/unknown
	Isolation level: READ_COMMITTED [default READ_COMMITTED]
	JDBC fetch size: 100
	Pool: DataSourceConnectionProvider
	Minimum pool size: undefined/unknown
	Maximum pool size: undefined/unknown
2026-07-31T15:24:23.490+09:00  INFO 36399 --- [skala-shopping] [main] org.hibernate.orm.core                   : HHH000489: No JTA platform available (set 'hibernate.transaction.jta.platform' to enable JTA platform integration)
2026-07-31T15:24:23.509+09:00  INFO 36399 --- [skala-shopping] [main] j.LocalContainerEntityManagerFactoryBean : Initialized JPA EntityManagerFactory for persistence unit 'default'
2026-07-31T15:24:23.538+09:00  INFO 36399 --- [skala-shopping] [main] o.s.d.j.r.query.QueryEnhancerFactories   : Hibernate is in classpath; If applicable, HQL parser will be used.
2026-07-31T15:24:23.658+09:00  WARN 36399 --- [skala-shopping] [main] .s.a.UserDetailsServiceAutoConfiguration : 

Using generated security password: a2828dae-7637-436f-93b6-513cd13738e9

This generated password is for development use only. Your security configuration must be updated before running your application in production.

2026-07-31T15:24:23.661+09:00  INFO 36399 --- [skala-shopping] [main] r$InitializeUserDetailsManagerConfigurer : Global AuthenticationManager configured with UserDetailsService bean with name inMemoryUserDetailsManager
2026-07-31T15:24:23.821+09:00  INFO 36399 --- [skala-shopping] [main] o.s.boot.tomcat.TomcatWebServer          : Tomcat started on port 8080 (http) with context path '/'
2026-07-31T15:24:23.824+09:00  INFO 36399 --- [skala-shopping] [main] c.s.s.SkalaShoppingApplication           : Started SkalaShoppingApplication in 1.717 seconds (process running for 1.842)
2026-07-31T15:24:29.777+09:00  INFO 36399 --- [skala-shopping] [http-nio-8080-exec-1] o.a.c.c.C.[Tomcat].[localhost].[/]       : Initializing Spring DispatcherServlet 'dispatcherServlet'
2026-07-31T15:24:29.777+09:00  INFO 36399 --- [skala-shopping] [http-nio-8080-exec-1] o.s.web.servlet.DispatcherServlet        : Initializing Servlet 'dispatcherServlet'
2026-07-31T15:24:29.778+09:00  INFO 36399 --- [skala-shopping] [http-nio-8080-exec-1] o.s.web.servlet.DispatcherServlet        : Completed initialization in 1 ms
2026-07-31T15:28:58.899+09:00  WARN 36399 --- [skala-shopping] [http-nio-8080-exec-4] c.s.s.exception.GlobalExceptionHandler   : BusinessException: INSUFFICIENT_QUANTITY /api/customers/cancel
2026-07-31T15:29:34.772+09:00  INFO 36399 --- [skala-shopping] [SpringApplicationShutdownHook] o.s.boot.tomcat.GracefulShutdown         : Commencing graceful shutdown. Waiting for active requests to complete
2026-07-31T15:29:34.783+09:00  INFO 36399 --- [skala-shopping] [tomcat-shutdown] o.s.boot.tomcat.GracefulShutdown         : Graceful shutdown complete
2026-07-31T15:29:34.787+09:00  INFO 36399 --- [skala-shopping] [SpringApplicationShutdownHook] j.LocalContainerEntityManagerFactoryBean : Closing JPA EntityManagerFactory for persistence unit 'default'
2026-07-31T15:29:34.791+09:00  INFO 36399 --- [skala-shopping] [SpringApplicationShutdownHook] com.zaxxer.hikari.HikariDataSource       : HikariPool-1 - Shutdown initiated...
2026-07-31T15:29:34.792+09:00  INFO 36399 --- [skala-shopping] [SpringApplicationShutdownHook] com.zaxxer.hikari.HikariDataSource       : HikariPool-1 - Shutdown completed.
2026-07-31T15:29:52.762+09:00  INFO 37500 --- [skala-shopping] [Test worker] c.s.s.SkalaShoppingApplicationTests      : Starting SkalaShoppingApplicationTests using Java 21.0.11 with PID 37500 (started by geunhye in /Users/geunhye/Skala_shop/skala-shopping)
2026-07-31T15:29:52.763+09:00  INFO 37500 --- [skala-shopping] [Test worker] c.s.s.SkalaShoppingApplicationTests      : No active profile set, falling back to 1 default profile: "default"
2026-07-31T15:29:52.979+09:00  INFO 37500 --- [skala-shopping] [Test worker] .s.d.r.c.RepositoryConfigurationDelegate : Bootstrapping Spring Data JPA repositories in DEFAULT mode.
2026-07-31T15:29:53.008+09:00  INFO 37500 --- [skala-shopping] [Test worker] .s.d.r.c.RepositoryConfigurationDelegate : Finished Spring Data repository scanning in 26 ms. Found 3 JPA repository interfaces.
2026-07-31T15:29:53.200+09:00  INFO 37500 --- [skala-shopping] [Test worker] org.hibernate.orm.jpa                    : HHH008540: Processing PersistenceUnitInfo [name: default]
2026-07-31T15:29:53.216+09:00  INFO 37500 --- [skala-shopping] [Test worker] org.hibernate.orm.core                   : HHH000001: Hibernate ORM core version 7.4.1.Final
2026-07-31T15:29:53.340+09:00  INFO 37500 --- [skala-shopping] [Test worker] o.s.o.j.p.SpringPersistenceUnitInfo      : No LoadTimeWeaver setup: ignoring JPA class transformer
2026-07-31T15:29:53.352+09:00  INFO 37500 --- [skala-shopping] [Test worker] com.zaxxer.hikari.HikariDataSource       : HikariPool-1 - Starting...
2026-07-31T15:29:53.409+09:00  INFO 37500 --- [skala-shopping] [Test worker] com.zaxxer.hikari.pool.HikariPool        : HikariPool-1 - Added connection conn0: url=jdbc:h2:mem:shopdb user=SA
2026-07-31T15:29:53.410+09:00  INFO 37500 --- [skala-shopping] [Test worker] com.zaxxer.hikari.HikariDataSource       : HikariPool-1 - Start completed.
2026-07-31T15:29:53.430+09:00  INFO 37500 --- [skala-shopping] [Test worker] org.hibernate.orm.connections.pooling    : HHH10001005: Database info:
	Database JDBC URL [jdbc:h2:mem:shopdb]
	Database driver: H2 JDBC Driver
	Database dialect: H2Dialect
	Database version: 2.4.240
	Default catalog/schema: SHOPDB/PUBLIC
	Autocommit mode: undefined/unknown
	Isolation level: READ_COMMITTED [default READ_COMMITTED]
	JDBC fetch size: 100
	Pool: DataSourceConnectionProvider
	Minimum pool size: undefined/unknown
	Maximum pool size: undefined/unknown
2026-07-31T15:29:53.806+09:00  INFO 37500 --- [skala-shopping] [Test worker] org.hibernate.orm.core                   : HHH000489: No JTA platform available (set 'hibernate.transaction.jta.platform' to enable JTA platform integration)
2026-07-31T15:29:53.829+09:00  INFO 37500 --- [skala-shopping] [Test worker] j.LocalContainerEntityManagerFactoryBean : Initialized JPA EntityManagerFactory for persistence unit 'default'
2026-07-31T15:29:53.876+09:00  INFO 37500 --- [skala-shopping] [Test worker] o.s.d.j.r.query.QueryEnhancerFactories   : Hibernate is in classpath; If applicable, HQL parser will be used.
2026-07-31T15:29:54.049+09:00  WARN 37500 --- [skala-shopping] [Test worker] .s.a.UserDetailsServiceAutoConfiguration : 

Using generated security password: 16c4be29-64bc-4cb6-ad77-ed977a3ceaea

This generated password is for development use only. Your security configuration must be updated before running your application in production.

2026-07-31T15:29:54.052+09:00  INFO 37500 --- [skala-shopping] [Test worker] r$InitializeUserDetailsManagerConfigurer : Global AuthenticationManager configured with UserDetailsService bean with name inMemoryUserDetailsManager
2026-07-31T15:29:54.339+09:00  INFO 37500 --- [skala-shopping] [Test worker] c.s.s.SkalaShoppingApplicationTests      : Started SkalaShoppingApplicationTests in 1.676 seconds (process running for 2.138)
2026-07-31T15:29:54.642+09:00  INFO 37500 --- [skala-shopping] [SpringApplicationShutdownHook] j.LocalContainerEntityManagerFactoryBean : Closing JPA EntityManagerFactory for persistence unit 'default'
2026-07-31T15:29:54.644+09:00  INFO 37500 --- [skala-shopping] [SpringApplicationShutdownHook] com.zaxxer.hikari.HikariDataSource       : HikariPool-1 - Shutdown initiated...
2026-07-31T15:29:54.645+09:00  INFO 37500 --- [skala-shopping] [SpringApplicationShutdownHook] com.zaxxer.hikari.HikariDataSource       : HikariPool-1 - Shutdown completed.
2026-07-31T15:30:58.112+09:00  INFO 37607 --- [skala-shopping] [main] c.s.s.SkalaShoppingApplication           : Starting SkalaShoppingApplication v0.0.1-SNAPSHOT using Java 21.0.11 with PID 37607 (/Users/geunhye/Skala_shop/skala-shopping/build/libs/skala-shopping-0.0.1-SNAPSHOT.jar started by geunhye in /Users/geunhye/Skala_shop/skala-shopping)
2026-07-31T15:30:58.114+09:00  INFO 37607 --- [skala-shopping] [main] c.s.s.SkalaShoppingApplication           : No active profile set, falling back to 1 default profile: "default"
2026-07-31T15:30:58.433+09:00  INFO 37607 --- [skala-shopping] [main] .s.d.r.c.RepositoryConfigurationDelegate : Bootstrapping Spring Data JPA repositories in DEFAULT mode.
2026-07-31T15:30:58.456+09:00  INFO 37607 --- [skala-shopping] [main] .s.d.r.c.RepositoryConfigurationDelegate : Finished Spring Data repository scanning in 19 ms. Found 3 JPA repository interfaces.
2026-07-31T15:30:58.735+09:00  INFO 37607 --- [skala-shopping] [main] o.s.boot.tomcat.TomcatWebServer          : Tomcat initialized with port 8080 (http)
2026-07-31T15:30:58.744+09:00  INFO 37607 --- [skala-shopping] [main] o.apache.catalina.core.StandardService   : Starting service [Tomcat]
2026-07-31T15:30:58.744+09:00  INFO 37607 --- [skala-shopping] [main] o.apache.catalina.core.StandardEngine    : Starting Servlet engine: [Apache Tomcat/11.0.22]
2026-07-31T15:30:58.762+09:00  INFO 37607 --- [skala-shopping] [main] b.w.c.s.WebApplicationContextInitializer : Root WebApplicationContext: initialization completed in 625 ms
2026-07-31T15:30:58.848+09:00  INFO 37607 --- [skala-shopping] [main] org.hibernate.orm.jpa                    : HHH008540: Processing PersistenceUnitInfo [name: default]
2026-07-31T15:30:58.881+09:00  INFO 37607 --- [skala-shopping] [main] org.hibernate.orm.core                   : HHH000001: Hibernate ORM core version 7.4.1.Final
2026-07-31T15:30:59.098+09:00  INFO 37607 --- [skala-shopping] [main] o.s.o.j.p.SpringPersistenceUnitInfo      : No LoadTimeWeaver setup: ignoring JPA class transformer
2026-07-31T15:30:59.116+09:00  INFO 37607 --- [skala-shopping] [main] com.zaxxer.hikari.HikariDataSource       : HikariPool-1 - Starting...
2026-07-31T15:30:59.191+09:00  INFO 37607 --- [skala-shopping] [main] com.zaxxer.hikari.pool.HikariPool        : HikariPool-1 - Added connection conn0: url=jdbc:h2:mem:shopdb user=SA
2026-07-31T15:30:59.192+09:00  INFO 37607 --- [skala-shopping] [main] com.zaxxer.hikari.HikariDataSource       : HikariPool-1 - Start completed.
2026-07-31T15:30:59.224+09:00  INFO 37607 --- [skala-shopping] [main] org.hibernate.orm.connections.pooling    : HHH10001005: Database info:
	Database JDBC URL [jdbc:h2:mem:shopdb]
	Database driver: H2 JDBC Driver
	Database dialect: H2Dialect
	Database version: 2.4.240
	Default catalog/schema: SHOPDB/PUBLIC
	Autocommit mode: undefined/unknown
	Isolation level: READ_COMMITTED [default READ_COMMITTED]
	JDBC fetch size: 100
	Pool: DataSourceConnectionProvider
	Minimum pool size: undefined/unknown
	Maximum pool size: undefined/unknown
2026-07-31T15:30:59.692+09:00  INFO 37607 --- [skala-shopping] [main] org.hibernate.orm.core                   : HHH000489: No JTA platform available (set 'hibernate.transaction.jta.platform' to enable JTA platform integration)
2026-07-31T15:30:59.716+09:00  INFO 37607 --- [skala-shopping] [main] j.LocalContainerEntityManagerFactoryBean : Initialized JPA EntityManagerFactory for persistence unit 'default'
2026-07-31T15:30:59.750+09:00  INFO 37607 --- [skala-shopping] [main] o.s.d.j.r.query.QueryEnhancerFactories   : Hibernate is in classpath; If applicable, HQL parser will be used.
2026-07-31T15:30:59.894+09:00  WARN 37607 --- [skala-shopping] [main] .s.a.UserDetailsServiceAutoConfiguration : 

Using generated security password: d3b2cdfe-8912-4931-9a62-02b1fe433589

This generated password is for development use only. Your security configuration must be updated before running your application in production.

2026-07-31T15:30:59.899+09:00  INFO 37607 --- [skala-shopping] [main] r$InitializeUserDetailsManagerConfigurer : Global AuthenticationManager configured with UserDetailsService bean with name inMemoryUserDetailsManager
2026-07-31T15:31:00.086+09:00  INFO 37607 --- [skala-shopping] [main] o.s.boot.tomcat.TomcatWebServer          : Tomcat started on port 8080 (http) with context path '/'
2026-07-31T15:31:00.091+09:00  INFO 37607 --- [skala-shopping] [main] c.s.s.SkalaShoppingApplication           : Started SkalaShoppingApplication in 2.221 seconds (process running for 2.465)
2026-07-31T15:31:59.629+09:00  INFO 37607 --- [skala-shopping] [http-nio-8080-exec-1] o.a.c.c.C.[Tomcat].[localhost].[/]       : Initializing Spring DispatcherServlet 'dispatcherServlet'
2026-07-31T15:31:59.629+09:00  INFO 37607 --- [skala-shopping] [http-nio-8080-exec-1] o.s.web.servlet.DispatcherServlet        : Initializing Servlet 'dispatcherServlet'
2026-07-31T15:31:59.630+09:00  INFO 37607 --- [skala-shopping] [http-nio-8080-exec-1] o.s.web.servlet.DispatcherServlet        : Completed initialization in 1 ms
2026-07-31T15:31:59.685+09:00  WARN 37607 --- [skala-shopping] [http-nio-8080-exec-1] c.s.s.exception.GlobalExceptionHandler   : BusinessException: PRODUCT_NOT_FOUND /api/products/999
2026-07-31T15:38:00.968+09:00  INFO 37607 --- [skala-shopping] [SpringApplicationShutdownHook] o.s.boot.tomcat.GracefulShutdown         : Commencing graceful shutdown. Waiting for active requests to complete
2026-07-31T15:38:00.984+09:00  INFO 37607 --- [skala-shopping] [tomcat-shutdown] o.s.boot.tomcat.GracefulShutdown         : Graceful shutdown complete
2026-07-31T15:38:00.989+09:00  INFO 37607 --- [skala-shopping] [SpringApplicationShutdownHook] j.LocalContainerEntityManagerFactoryBean : Closing JPA EntityManagerFactory for persistence unit 'default'
2026-07-31T15:38:00.996+09:00  INFO 37607 --- [skala-shopping] [SpringApplicationShutdownHook] com.zaxxer.hikari.HikariDataSource       : HikariPool-1 - Shutdown initiated...
2026-07-31T15:38:00.998+09:00  INFO 37607 --- [skala-shopping] [SpringApplicationShutdownHook] com.zaxxer.hikari.HikariDataSource       : HikariPool-1 - Shutdown completed.
2026-07-31T16:57:30.704+09:00  INFO 45625 --- [skala-shopping] [main] c.s.s.SkalaShoppingApplication           : Starting SkalaShoppingApplication using Java 21.0.11 with PID 45625 (/Users/geunhye/Skala_shop/skala-shopping/build/classes/java/main started by geunhye in /Users/geunhye/Skala_shop/skala-shopping)
2026-07-31T16:57:30.706+09:00  INFO 45625 --- [skala-shopping] [main] c.s.s.SkalaShoppingApplication           : No active profile set, falling back to 1 default profile: "default"
2026-07-31T16:57:30.942+09:00  INFO 45625 --- [skala-shopping] [main] .s.d.r.c.RepositoryConfigurationDelegate : Bootstrapping Spring Data JPA repositories in DEFAULT mode.
2026-07-31T16:57:30.966+09:00  INFO 45625 --- [skala-shopping] [main] .s.d.r.c.RepositoryConfigurationDelegate : Finished Spring Data repository scanning in 21 ms. Found 3 JPA repository interfaces.
2026-07-31T16:57:31.185+09:00  INFO 45625 --- [skala-shopping] [main] o.s.boot.tomcat.TomcatWebServer          : Tomcat initialized with port 8080 (http)
2026-07-31T16:57:31.193+09:00  INFO 45625 --- [skala-shopping] [main] o.apache.catalina.core.StandardService   : Starting service [Tomcat]
2026-07-31T16:57:31.193+09:00  INFO 45625 --- [skala-shopping] [main] o.apache.catalina.core.StandardEngine    : Starting Servlet engine: [Apache Tomcat/11.0.22]
2026-07-31T16:57:31.215+09:00  INFO 45625 --- [skala-shopping] [main] b.w.c.s.WebApplicationContextInitializer : Root WebApplicationContext: initialization completed in 494 ms
2026-07-31T16:57:31.287+09:00  INFO 45625 --- [skala-shopping] [main] org.hibernate.orm.jpa                    : HHH008540: Processing PersistenceUnitInfo [name: default]
2026-07-31T16:57:31.317+09:00  INFO 45625 --- [skala-shopping] [main] org.hibernate.orm.core                   : HHH000001: Hibernate ORM core version 7.4.1.Final
2026-07-31T16:57:31.499+09:00  INFO 45625 --- [skala-shopping] [main] o.s.o.j.p.SpringPersistenceUnitInfo      : No LoadTimeWeaver setup: ignoring JPA class transformer
2026-07-31T16:57:31.516+09:00  INFO 45625 --- [skala-shopping] [main] com.zaxxer.hikari.HikariDataSource       : HikariPool-1 - Starting...
2026-07-31T16:57:31.587+09:00  INFO 45625 --- [skala-shopping] [main] com.zaxxer.hikari.pool.HikariPool        : HikariPool-1 - Added connection conn0: url=jdbc:h2:mem:shopdb user=SA
2026-07-31T16:57:31.588+09:00  INFO 45625 --- [skala-shopping] [main] com.zaxxer.hikari.HikariDataSource       : HikariPool-1 - Start completed.
2026-07-31T16:57:31.613+09:00  INFO 45625 --- [skala-shopping] [main] org.hibernate.orm.connections.pooling    : HHH10001005: Database info:
	Database JDBC URL [jdbc:h2:mem:shopdb]
	Database driver: H2 JDBC Driver
	Database dialect: H2Dialect
	Database version: 2.4.240
	Default catalog/schema: SHOPDB/PUBLIC
	Autocommit mode: undefined/unknown
	Isolation level: READ_COMMITTED [default READ_COMMITTED]
	JDBC fetch size: 100
	Pool: DataSourceConnectionProvider
	Minimum pool size: undefined/unknown
	Maximum pool size: undefined/unknown
2026-07-31T16:57:32.062+09:00  INFO 45625 --- [skala-shopping] [main] org.hibernate.orm.core                   : HHH000489: No JTA platform available (set 'hibernate.transaction.jta.platform' to enable JTA platform integration)
2026-07-31T16:57:32.083+09:00  INFO 45625 --- [skala-shopping] [main] j.LocalContainerEntityManagerFactoryBean : Initialized JPA EntityManagerFactory for persistence unit 'default'
2026-07-31T16:57:32.115+09:00  INFO 45625 --- [skala-shopping] [main] o.s.d.j.r.query.QueryEnhancerFactories   : Hibernate is in classpath; If applicable, HQL parser will be used.
2026-07-31T16:57:32.239+09:00  WARN 45625 --- [skala-shopping] [main] .s.a.UserDetailsServiceAutoConfiguration : 

Using generated security password: 9358f9a0-ca3d-4c88-848c-a740ff0e9068

This generated password is for development use only. Your security configuration must be updated before running your application in production.

2026-07-31T16:57:32.242+09:00  INFO 45625 --- [skala-shopping] [main] r$InitializeUserDetailsManagerConfigurer : Global AuthenticationManager configured with UserDetailsService bean with name inMemoryUserDetailsManager
2026-07-31T16:57:32.407+09:00  WARN 45625 --- [skala-shopping] [main] ConfigServletWebServerApplicationContext : Exception encountered during context initialization - cancelling refresh attempt: org.springframework.context.ApplicationContextException: Failed to start bean 'webServerStartStop'
2026-07-31T16:57:32.408+09:00  INFO 45625 --- [skala-shopping] [main] j.LocalContainerEntityManagerFactoryBean : Closing JPA EntityManagerFactory for persistence unit 'default'
2026-07-31T16:57:32.409+09:00  INFO 45625 --- [skala-shopping] [main] com.zaxxer.hikari.HikariDataSource       : HikariPool-1 - Shutdown initiated...
2026-07-31T16:57:32.410+09:00  INFO 45625 --- [skala-shopping] [main] com.zaxxer.hikari.HikariDataSource       : HikariPool-1 - Shutdown completed.
2026-07-31T16:57:32.414+09:00  INFO 45625 --- [skala-shopping] [main] .s.b.a.l.ConditionEvaluationReportLogger : 

Error starting ApplicationContext. To display the condition evaluation report re-run your application with 'debug' enabled.
2026-07-31T16:57:32.418+09:00 ERROR 45625 --- [skala-shopping] [main] o.s.b.d.LoggingFailureAnalysisReporter   : 

***************************
APPLICATION FAILED TO START
***************************

Description:

Web server failed to start. Port 8080 was already in use.

Action:

Identify and stop the process that's listening on port 8080 or configure this application to listen on another port.

2026-07-31T16:57:46.938+09:00  INFO 45690 --- [skala-shopping] [Test worker] c.s.s.SkalaShoppingApplicationTests      : Starting SkalaShoppingApplicationTests using Java 21.0.11 with PID 45690 (started by geunhye in /Users/geunhye/Skala_shop/skala-shopping)
2026-07-31T16:57:46.940+09:00  INFO 45690 --- [skala-shopping] [Test worker] c.s.s.SkalaShoppingApplicationTests      : No active profile set, falling back to 1 default profile: "default"
2026-07-31T16:57:47.154+09:00  INFO 45690 --- [skala-shopping] [Test worker] .s.d.r.c.RepositoryConfigurationDelegate : Bootstrapping Spring Data JPA repositories in DEFAULT mode.
2026-07-31T16:57:47.175+09:00  INFO 45690 --- [skala-shopping] [Test worker] .s.d.r.c.RepositoryConfigurationDelegate : Finished Spring Data repository scanning in 18 ms. Found 3 JPA repository interfaces.
2026-07-31T16:57:47.350+09:00  INFO 45690 --- [skala-shopping] [Test worker] org.hibernate.orm.jpa                    : HHH008540: Processing PersistenceUnitInfo [name: default]
2026-07-31T16:57:47.366+09:00  INFO 45690 --- [skala-shopping] [Test worker] org.hibernate.orm.core                   : HHH000001: Hibernate ORM core version 7.4.1.Final
2026-07-31T16:57:47.493+09:00  INFO 45690 --- [skala-shopping] [Test worker] o.s.o.j.p.SpringPersistenceUnitInfo      : No LoadTimeWeaver setup: ignoring JPA class transformer
2026-07-31T16:57:47.503+09:00  INFO 45690 --- [skala-shopping] [Test worker] com.zaxxer.hikari.HikariDataSource       : HikariPool-1 - Starting...
2026-07-31T16:57:47.559+09:00  INFO 45690 --- [skala-shopping] [Test worker] com.zaxxer.hikari.pool.HikariPool        : HikariPool-1 - Added connection conn0: url=jdbc:h2:mem:shopdb user=SA
2026-07-31T16:57:47.560+09:00  INFO 45690 --- [skala-shopping] [Test worker] com.zaxxer.hikari.HikariDataSource       : HikariPool-1 - Start completed.
2026-07-31T16:57:47.579+09:00  INFO 45690 --- [skala-shopping] [Test worker] org.hibernate.orm.connections.pooling    : HHH10001005: Database info:
	Database JDBC URL [jdbc:h2:mem:shopdb]
	Database driver: H2 JDBC Driver
	Database dialect: H2Dialect
	Database version: 2.4.240
	Default catalog/schema: SHOPDB/PUBLIC
	Autocommit mode: undefined/unknown
	Isolation level: READ_COMMITTED [default READ_COMMITTED]
	JDBC fetch size: 100
	Pool: DataSourceConnectionProvider
	Minimum pool size: undefined/unknown
	Maximum pool size: undefined/unknown
2026-07-31T16:57:47.928+09:00  INFO 45690 --- [skala-shopping] [Test worker] org.hibernate.orm.core                   : HHH000489: No JTA platform available (set 'hibernate.transaction.jta.platform' to enable JTA platform integration)
2026-07-31T16:57:47.948+09:00  INFO 45690 --- [skala-shopping] [Test worker] j.LocalContainerEntityManagerFactoryBean : Initialized JPA EntityManagerFactory for persistence unit 'default'
2026-07-31T16:57:47.984+09:00  INFO 45690 --- [skala-shopping] [Test worker] o.s.d.j.r.query.QueryEnhancerFactories   : Hibernate is in classpath; If applicable, HQL parser will be used.
2026-07-31T16:57:48.118+09:00  WARN 45690 --- [skala-shopping] [Test worker] .s.a.UserDetailsServiceAutoConfiguration : 

Using generated security password: b27ae107-73a5-45df-a284-151de57c17e9

This generated password is for development use only. Your security configuration must be updated before running your application in production.

2026-07-31T16:57:48.122+09:00  INFO 45690 --- [skala-shopping] [Test worker] r$InitializeUserDetailsManagerConfigurer : Global AuthenticationManager configured with UserDetailsService bean with name inMemoryUserDetailsManager
2026-07-31T16:57:48.336+09:00  INFO 45690 --- [skala-shopping] [Test worker] c.s.s.SkalaShoppingApplicationTests      : Started SkalaShoppingApplicationTests in 1.5 seconds (process running for 2.018)
2026-07-31T16:57:48.596+09:00  INFO 45690 --- [skala-shopping] [SpringApplicationShutdownHook] j.LocalContainerEntityManagerFactoryBean : Closing JPA EntityManagerFactory for persistence unit 'default'
2026-07-31T16:57:48.598+09:00  INFO 45690 --- [skala-shopping] [SpringApplicationShutdownHook] com.zaxxer.hikari.HikariDataSource       : HikariPool-1 - Shutdown initiated...
2026-07-31T16:57:48.598+09:00  INFO 45690 --- [skala-shopping] [SpringApplicationShutdownHook] com.zaxxer.hikari.HikariDataSource       : HikariPool-1 - Shutdown completed.
2026-07-31T16:57:53.704+09:00  INFO 45733 --- [skala-shopping] [main] c.s.s.SkalaShoppingApplication           : Starting SkalaShoppingApplication using Java 21.0.11 with PID 45733 (/Users/geunhye/Skala_shop/skala-shopping/build/classes/java/main started by geunhye in /Users/geunhye/Skala_shop/skala-shopping)
2026-07-31T16:57:53.705+09:00  INFO 45733 --- [skala-shopping] [main] c.s.s.SkalaShoppingApplication           : No active profile set, falling back to 1 default profile: "default"
2026-07-31T16:57:53.945+09:00  INFO 45733 --- [skala-shopping] [main] .s.d.r.c.RepositoryConfigurationDelegate : Bootstrapping Spring Data JPA repositories in DEFAULT mode.
2026-07-31T16:57:53.964+09:00  INFO 45733 --- [skala-shopping] [main] .s.d.r.c.RepositoryConfigurationDelegate : Finished Spring Data repository scanning in 15 ms. Found 3 JPA repository interfaces.
2026-07-31T16:57:54.152+09:00  INFO 45733 --- [skala-shopping] [main] o.s.boot.tomcat.TomcatWebServer          : Tomcat initialized with port 8080 (http)
2026-07-31T16:57:54.159+09:00  INFO 45733 --- [skala-shopping] [main] o.apache.catalina.core.StandardService   : Starting service [Tomcat]
2026-07-31T16:57:54.159+09:00  INFO 45733 --- [skala-shopping] [main] o.apache.catalina.core.StandardEngine    : Starting Servlet engine: [Apache Tomcat/11.0.22]
2026-07-31T16:57:54.174+09:00  INFO 45733 --- [skala-shopping] [main] b.w.c.s.WebApplicationContextInitializer : Root WebApplicationContext: initialization completed in 457 ms
2026-07-31T16:57:54.231+09:00  INFO 45733 --- [skala-shopping] [main] org.hibernate.orm.jpa                    : HHH008540: Processing PersistenceUnitInfo [name: default]
2026-07-31T16:57:54.251+09:00  INFO 45733 --- [skala-shopping] [main] org.hibernate.orm.core                   : HHH000001: Hibernate ORM core version 7.4.1.Final
2026-07-31T16:57:54.378+09:00  INFO 45733 --- [skala-shopping] [main] o.s.o.j.p.SpringPersistenceUnitInfo      : No LoadTimeWeaver setup: ignoring JPA class transformer
2026-07-31T16:57:54.390+09:00  INFO 45733 --- [skala-shopping] [main] com.zaxxer.hikari.HikariDataSource       : HikariPool-1 - Starting...
2026-07-31T16:57:54.444+09:00  INFO 45733 --- [skala-shopping] [main] com.zaxxer.hikari.pool.HikariPool        : HikariPool-1 - Added connection conn0: url=jdbc:h2:mem:shopdb user=SA
2026-07-31T16:57:54.444+09:00  INFO 45733 --- [skala-shopping] [main] com.zaxxer.hikari.HikariDataSource       : HikariPool-1 - Start completed.
2026-07-31T16:57:54.463+09:00  INFO 45733 --- [skala-shopping] [main] org.hibernate.orm.connections.pooling    : HHH10001005: Database info:
	Database JDBC URL [jdbc:h2:mem:shopdb]
	Database driver: H2 JDBC Driver
	Database dialect: H2Dialect
	Database version: 2.4.240
	Default catalog/schema: SHOPDB/PUBLIC
	Autocommit mode: undefined/unknown
	Isolation level: READ_COMMITTED [default READ_COMMITTED]
	JDBC fetch size: 100
	Pool: DataSourceConnectionProvider
	Minimum pool size: undefined/unknown
	Maximum pool size: undefined/unknown
2026-07-31T16:57:54.800+09:00  INFO 45733 --- [skala-shopping] [main] org.hibernate.orm.core                   : HHH000489: No JTA platform available (set 'hibernate.transaction.jta.platform' to enable JTA platform integration)
2026-07-31T16:57:54.818+09:00  INFO 45733 --- [skala-shopping] [main] j.LocalContainerEntityManagerFactoryBean : Initialized JPA EntityManagerFactory for persistence unit 'default'
2026-07-31T16:57:54.846+09:00  INFO 45733 --- [skala-shopping] [main] o.s.d.j.r.query.QueryEnhancerFactories   : Hibernate is in classpath; If applicable, HQL parser will be used.
2026-07-31T16:57:54.958+09:00  WARN 45733 --- [skala-shopping] [main] .s.a.UserDetailsServiceAutoConfiguration : 

Using generated security password: 82245375-b361-477c-a554-e6febbf0265c

This generated password is for development use only. Your security configuration must be updated before running your application in production.

2026-07-31T16:57:54.960+09:00  INFO 45733 --- [skala-shopping] [main] r$InitializeUserDetailsManagerConfigurer : Global AuthenticationManager configured with UserDetailsService bean with name inMemoryUserDetailsManager
2026-07-31T16:57:55.104+09:00  WARN 45733 --- [skala-shopping] [main] ConfigServletWebServerApplicationContext : Exception encountered during context initialization - cancelling refresh attempt: org.springframework.context.ApplicationContextException: Failed to start bean 'webServerStartStop'
2026-07-31T16:57:55.104+09:00  INFO 45733 --- [skala-shopping] [main] j.LocalContainerEntityManagerFactoryBean : Closing JPA EntityManagerFactory for persistence unit 'default'
2026-07-31T16:57:55.106+09:00  INFO 45733 --- [skala-shopping] [main] com.zaxxer.hikari.HikariDataSource       : HikariPool-1 - Shutdown initiated...
2026-07-31T16:57:55.107+09:00  INFO 45733 --- [skala-shopping] [main] com.zaxxer.hikari.HikariDataSource       : HikariPool-1 - Shutdown completed.
2026-07-31T16:57:55.111+09:00  INFO 45733 --- [skala-shopping] [main] .s.b.a.l.ConditionEvaluationReportLogger : 

Error starting ApplicationContext. To display the condition evaluation report re-run your application with 'debug' enabled.
2026-07-31T16:57:55.115+09:00 ERROR 45733 --- [skala-shopping] [main] o.s.b.d.LoggingFailureAnalysisReporter   : 

***************************
APPLICATION FAILED TO START
***************************

Description:

Web server failed to start. Port 8080 was already in use.

Action:

Identify and stop the process that's listening on port 8080 or configure this application to listen on another port.

2026-07-31T16:58:19.376+09:00  INFO 45794 --- [skala-shopping] [main] c.s.s.SkalaShoppingApplication           : Starting SkalaShoppingApplication using Java 21.0.11 with PID 45794 (/Users/geunhye/Skala_shop/skala-shopping/build/classes/java/main started by geunhye in /Users/geunhye/Skala_shop/skala-shopping)
2026-07-31T16:58:19.377+09:00  INFO 45794 --- [skala-shopping] [main] c.s.s.SkalaShoppingApplication           : No active profile set, falling back to 1 default profile: "default"
2026-07-31T16:58:19.583+09:00  INFO 45794 --- [skala-shopping] [main] .s.d.r.c.RepositoryConfigurationDelegate : Bootstrapping Spring Data JPA repositories in DEFAULT mode.
2026-07-31T16:58:19.600+09:00  INFO 45794 --- [skala-shopping] [main] .s.d.r.c.RepositoryConfigurationDelegate : Finished Spring Data repository scanning in 14 ms. Found 3 JPA repository interfaces.
2026-07-31T16:58:19.784+09:00  INFO 45794 --- [skala-shopping] [main] o.s.boot.tomcat.TomcatWebServer          : Tomcat initialized with port 8080 (http)
2026-07-31T16:58:19.790+09:00  INFO 45794 --- [skala-shopping] [main] o.apache.catalina.core.StandardService   : Starting service [Tomcat]
2026-07-31T16:58:19.790+09:00  INFO 45794 --- [skala-shopping] [main] o.apache.catalina.core.StandardEngine    : Starting Servlet engine: [Apache Tomcat/11.0.22]
2026-07-31T16:58:19.805+09:00  INFO 45794 --- [skala-shopping] [main] b.w.c.s.WebApplicationContextInitializer : Root WebApplicationContext: initialization completed in 415 ms
2026-07-31T16:58:19.864+09:00  INFO 45794 --- [skala-shopping] [main] org.hibernate.orm.jpa                    : HHH008540: Processing PersistenceUnitInfo [name: default]
2026-07-31T16:58:19.886+09:00  INFO 45794 --- [skala-shopping] [main] org.hibernate.orm.core                   : HHH000001: Hibernate ORM core version 7.4.1.Final
2026-07-31T16:58:20.011+09:00  INFO 45794 --- [skala-shopping] [main] o.s.o.j.p.SpringPersistenceUnitInfo      : No LoadTimeWeaver setup: ignoring JPA class transformer
2026-07-31T16:58:20.022+09:00  INFO 45794 --- [skala-shopping] [main] com.zaxxer.hikari.HikariDataSource       : HikariPool-1 - Starting...
2026-07-31T16:58:20.077+09:00  INFO 45794 --- [skala-shopping] [main] com.zaxxer.hikari.pool.HikariPool        : HikariPool-1 - Added connection conn0: url=jdbc:h2:mem:shopdb user=SA
2026-07-31T16:58:20.077+09:00  INFO 45794 --- [skala-shopping] [main] com.zaxxer.hikari.HikariDataSource       : HikariPool-1 - Start completed.
2026-07-31T16:58:20.097+09:00  INFO 45794 --- [skala-shopping] [main] org.hibernate.orm.connections.pooling    : HHH10001005: Database info:
	Database JDBC URL [jdbc:h2:mem:shopdb]
	Database driver: H2 JDBC Driver
	Database dialect: H2Dialect
	Database version: 2.4.240
	Default catalog/schema: SHOPDB/PUBLIC
	Autocommit mode: undefined/unknown
	Isolation level: READ_COMMITTED [default READ_COMMITTED]
	JDBC fetch size: 100
	Pool: DataSourceConnectionProvider
	Minimum pool size: undefined/unknown
	Maximum pool size: undefined/unknown
2026-07-31T16:58:20.450+09:00  INFO 45794 --- [skala-shopping] [main] org.hibernate.orm.core                   : HHH000489: No JTA platform available (set 'hibernate.transaction.jta.platform' to enable JTA platform integration)
2026-07-31T16:58:20.469+09:00  INFO 45794 --- [skala-shopping] [main] j.LocalContainerEntityManagerFactoryBean : Initialized JPA EntityManagerFactory for persistence unit 'default'
2026-07-31T16:58:20.497+09:00  INFO 45794 --- [skala-shopping] [main] o.s.d.j.r.query.QueryEnhancerFactories   : Hibernate is in classpath; If applicable, HQL parser will be used.
2026-07-31T16:58:20.601+09:00  WARN 45794 --- [skala-shopping] [main] .s.a.UserDetailsServiceAutoConfiguration : 

Using generated security password: c1137537-0cdd-45db-8d63-194e3e0c271c

This generated password is for development use only. Your security configuration must be updated before running your application in production.

2026-07-31T16:58:20.604+09:00  INFO 45794 --- [skala-shopping] [main] r$InitializeUserDetailsManagerConfigurer : Global AuthenticationManager configured with UserDetailsService bean with name inMemoryUserDetailsManager
2026-07-31T16:58:20.749+09:00  INFO 45794 --- [skala-shopping] [main] o.s.boot.tomcat.TomcatWebServer          : Tomcat started on port 8080 (http) with context path '/'
2026-07-31T16:58:20.751+09:00  INFO 45794 --- [skala-shopping] [main] c.s.s.SkalaShoppingApplication           : Started SkalaShoppingApplication in 1.528 seconds (process running for 1.644)
2026-07-31T16:58:28.957+09:00  INFO 45794 --- [skala-shopping] [http-nio-8080-exec-1] o.a.c.c.C.[Tomcat].[localhost].[/]       : Initializing Spring DispatcherServlet 'dispatcherServlet'
2026-07-31T16:58:28.958+09:00  INFO 45794 --- [skala-shopping] [http-nio-8080-exec-1] o.s.web.servlet.DispatcherServlet        : Initializing Servlet 'dispatcherServlet'
2026-07-31T16:58:28.959+09:00  INFO 45794 --- [skala-shopping] [http-nio-8080-exec-1] o.s.web.servlet.DispatcherServlet        : Completed initialization in 1 ms
2026-07-31T17:00:07.297+09:00  WARN 45794 --- [skala-shopping] [http-nio-8080-exec-6] c.s.s.exception.GlobalExceptionHandler   : OptimisticLockingFailure: /api/customers/order
2026-07-31T17:00:07.297+09:00  WARN 45794 --- [skala-shopping] [http-nio-8080-exec-7] c.s.s.exception.GlobalExceptionHandler   : OptimisticLockingFailure: /api/customers/order
2026-07-31T17:00:07.297+09:00  WARN 45794 --- [skala-shopping] [http-nio-8080-exec-10] c.s.s.exception.GlobalExceptionHandler   : OptimisticLockingFailure: /api/customers/order
2026-07-31T17:00:07.297+09:00  WARN 45794 --- [skala-shopping] [http-nio-8080-exec-2] c.s.s.exception.GlobalExceptionHandler   : OptimisticLockingFailure: /api/customers/order
2026-07-31T17:00:07.297+09:00  WARN 45794 --- [skala-shopping] [http-nio-8080-exec-4] c.s.s.exception.GlobalExceptionHandler   : OptimisticLockingFailure: /api/customers/order
2026-07-31T17:00:07.297+09:00  WARN 45794 --- [skala-shopping] [http-nio-8080-exec-1] c.s.s.exception.GlobalExceptionHandler   : OptimisticLockingFailure: /api/customers/order
2026-07-31T17:00:07.297+09:00  WARN 45794 --- [skala-shopping] [http-nio-8080-exec-3] c.s.s.exception.GlobalExceptionHandler   : OptimisticLockingFailure: /api/customers/order
2026-07-31T17:00:07.297+09:00  WARN 45794 --- [skala-shopping] [http-nio-8080-exec-9] c.s.s.exception.GlobalExceptionHandler   : OptimisticLockingFailure: /api/customers/order
2026-07-31T17:00:07.297+09:00  WARN 45794 --- [skala-shopping] [http-nio-8080-exec-5] c.s.s.exception.GlobalExceptionHandler   : OptimisticLockingFailure: /api/customers/order
2026-07-31T17:06:20.513+09:00  INFO 46804 --- [skala-shopping] [main] c.s.s.SkalaShoppingApplication           : Starting SkalaShoppingApplication using Java 21.0.11 with PID 46804 (/Users/geunhye/Skala_shop/skala-shopping/build/classes/java/main started by geunhye in /Users/geunhye/Skala_shop/skala-shopping)
2026-07-31T17:06:20.514+09:00  INFO 46804 --- [skala-shopping] [main] c.s.s.SkalaShoppingApplication           : No active profile set, falling back to 1 default profile: "default"
2026-07-31T17:06:20.751+09:00  INFO 46804 --- [skala-shopping] [main] .s.d.r.c.RepositoryConfigurationDelegate : Bootstrapping Spring Data JPA repositories in DEFAULT mode.
2026-07-31T17:06:20.772+09:00  INFO 46804 --- [skala-shopping] [main] .s.d.r.c.RepositoryConfigurationDelegate : Finished Spring Data repository scanning in 18 ms. Found 3 JPA repository interfaces.
2026-07-31T17:06:20.991+09:00  INFO 46804 --- [skala-shopping] [main] o.s.boot.tomcat.TomcatWebServer          : Tomcat initialized with port 8080 (http)
2026-07-31T17:06:20.998+09:00  INFO 46804 --- [skala-shopping] [main] o.apache.catalina.core.StandardService   : Starting service [Tomcat]
2026-07-31T17:06:20.998+09:00  INFO 46804 --- [skala-shopping] [main] o.apache.catalina.core.StandardEngine    : Starting Servlet engine: [Apache Tomcat/11.0.22]
2026-07-31T17:06:21.018+09:00  INFO 46804 --- [skala-shopping] [main] b.w.c.s.WebApplicationContextInitializer : Root WebApplicationContext: initialization completed in 489 ms
2026-07-31T17:06:21.085+09:00  INFO 46804 --- [skala-shopping] [main] org.hibernate.orm.jpa                    : HHH008540: Processing PersistenceUnitInfo [name: default]
2026-07-31T17:06:21.114+09:00  INFO 46804 --- [skala-shopping] [main] org.hibernate.orm.core                   : HHH000001: Hibernate ORM core version 7.4.1.Final
2026-07-31T17:06:21.279+09:00  INFO 46804 --- [skala-shopping] [main] o.s.o.j.p.SpringPersistenceUnitInfo      : No LoadTimeWeaver setup: ignoring JPA class transformer
2026-07-31T17:06:21.292+09:00  INFO 46804 --- [skala-shopping] [main] com.zaxxer.hikari.HikariDataSource       : HikariPool-1 - Starting...
2026-07-31T17:06:21.363+09:00  INFO 46804 --- [skala-shopping] [main] com.zaxxer.hikari.pool.HikariPool        : HikariPool-1 - Added connection conn0: url=jdbc:h2:mem:shopdb user=SA
2026-07-31T17:06:21.363+09:00  INFO 46804 --- [skala-shopping] [main] com.zaxxer.hikari.HikariDataSource       : HikariPool-1 - Start completed.
2026-07-31T17:06:21.387+09:00  INFO 46804 --- [skala-shopping] [main] org.hibernate.orm.connections.pooling    : HHH10001005: Database info:
	Database JDBC URL [jdbc:h2:mem:shopdb]
	Database driver: H2 JDBC Driver
	Database dialect: H2Dialect
	Database version: 2.4.240
	Default catalog/schema: SHOPDB/PUBLIC
	Autocommit mode: undefined/unknown
	Isolation level: READ_COMMITTED [default READ_COMMITTED]
	JDBC fetch size: 100
	Pool: DataSourceConnectionProvider
	Minimum pool size: undefined/unknown
	Maximum pool size: undefined/unknown
2026-07-31T17:06:22.202+09:00  INFO 46804 --- [skala-shopping] [main] org.hibernate.orm.core                   : HHH000489: No JTA platform available (set 'hibernate.transaction.jta.platform' to enable JTA platform integration)
2026-07-31T17:06:22.222+09:00  INFO 46804 --- [skala-shopping] [main] j.LocalContainerEntityManagerFactoryBean : Initialized JPA EntityManagerFactory for persistence unit 'default'
2026-07-31T17:06:22.252+09:00  INFO 46804 --- [skala-shopping] [main] o.s.d.j.r.query.QueryEnhancerFactories   : Hibernate is in classpath; If applicable, HQL parser will be used.
2026-07-31T17:06:22.364+09:00  WARN 46804 --- [skala-shopping] [main] .s.a.UserDetailsServiceAutoConfiguration : 

Using generated security password: be140218-9387-45ee-91fa-59f16ee1f806

This generated password is for development use only. Your security configuration must be updated before running your application in production.

2026-07-31T17:06:22.367+09:00  INFO 46804 --- [skala-shopping] [main] r$InitializeUserDetailsManagerConfigurer : Global AuthenticationManager configured with UserDetailsService bean with name inMemoryUserDetailsManager
2026-07-31T17:06:22.517+09:00  WARN 46804 --- [skala-shopping] [main] ConfigServletWebServerApplicationContext : Exception encountered during context initialization - cancelling refresh attempt: org.springframework.context.ApplicationContextException: Failed to start bean 'webServerStartStop'
2026-07-31T17:06:22.518+09:00  INFO 46804 --- [skala-shopping] [main] j.LocalContainerEntityManagerFactoryBean : Closing JPA EntityManagerFactory for persistence unit 'default'
2026-07-31T17:06:22.520+09:00  INFO 46804 --- [skala-shopping] [main] com.zaxxer.hikari.HikariDataSource       : HikariPool-1 - Shutdown initiated...
2026-07-31T17:06:22.521+09:00  INFO 46804 --- [skala-shopping] [main] com.zaxxer.hikari.HikariDataSource       : HikariPool-1 - Shutdown completed.
2026-07-31T17:06:22.525+09:00  INFO 46804 --- [skala-shopping] [main] .s.b.a.l.ConditionEvaluationReportLogger : 

Error starting ApplicationContext. To display the condition evaluation report re-run your application with 'debug' enabled.
2026-07-31T17:06:22.529+09:00 ERROR 46804 --- [skala-shopping] [main] o.s.b.d.LoggingFailureAnalysisReporter   : 

***************************
APPLICATION FAILED TO START
***************************

Description:

Web server failed to start. Port 8080 was already in use.

Action:

Identify and stop the process that's listening on port 8080 or configure this application to listen on another port.

2026-07-31T17:06:50.240+09:00  INFO 45794 --- [skala-shopping] [SpringApplicationShutdownHook] o.s.boot.tomcat.GracefulShutdown         : Commencing graceful shutdown. Waiting for active requests to complete
2026-07-31T17:06:50.254+09:00  INFO 45794 --- [skala-shopping] [tomcat-shutdown] o.s.boot.tomcat.GracefulShutdown         : Graceful shutdown complete
2026-07-31T17:06:50.261+09:00  INFO 45794 --- [skala-shopping] [SpringApplicationShutdownHook] j.LocalContainerEntityManagerFactoryBean : Closing JPA EntityManagerFactory for persistence unit 'default'
2026-07-31T17:06:50.271+09:00  INFO 45794 --- [skala-shopping] [SpringApplicationShutdownHook] com.zaxxer.hikari.HikariDataSource       : HikariPool-1 - Shutdown initiated...
2026-07-31T17:06:50.274+09:00  INFO 45794 --- [skala-shopping] [SpringApplicationShutdownHook] com.zaxxer.hikari.HikariDataSource       : HikariPool-1 - Shutdown completed.
2026-07-31T17:06:55.372+09:00  INFO 46902 --- [skala-shopping] [main] c.s.s.SkalaShoppingApplication           : Starting SkalaShoppingApplication using Java 21.0.11 with PID 46902 (/Users/geunhye/Skala_shop/skala-shopping/build/classes/java/main started by geunhye in /Users/geunhye/Skala_shop/skala-shopping)
2026-07-31T17:06:55.373+09:00  INFO 46902 --- [skala-shopping] [main] c.s.s.SkalaShoppingApplication           : No active profile set, falling back to 1 default profile: "default"
2026-07-31T17:06:55.592+09:00  INFO 46902 --- [skala-shopping] [main] .s.d.r.c.RepositoryConfigurationDelegate : Bootstrapping Spring Data JPA repositories in DEFAULT mode.
2026-07-31T17:06:55.613+09:00  INFO 46902 --- [skala-shopping] [main] .s.d.r.c.RepositoryConfigurationDelegate : Finished Spring Data repository scanning in 17 ms. Found 3 JPA repository interfaces.
2026-07-31T17:06:55.843+09:00  INFO 46902 --- [skala-shopping] [main] o.s.boot.tomcat.TomcatWebServer          : Tomcat initialized with port 8080 (http)
2026-07-31T17:06:55.850+09:00  INFO 46902 --- [skala-shopping] [main] o.apache.catalina.core.StandardService   : Starting service [Tomcat]
2026-07-31T17:06:55.850+09:00  INFO 46902 --- [skala-shopping] [main] o.apache.catalina.core.StandardEngine    : Starting Servlet engine: [Apache Tomcat/11.0.22]
2026-07-31T17:06:55.867+09:00  INFO 46902 --- [skala-shopping] [main] b.w.c.s.WebApplicationContextInitializer : Root WebApplicationContext: initialization completed in 479 ms
2026-07-31T17:06:55.931+09:00  INFO 46902 --- [skala-shopping] [main] org.hibernate.orm.jpa                    : HHH008540: Processing PersistenceUnitInfo [name: default]
2026-07-31T17:06:55.955+09:00  INFO 46902 --- [skala-shopping] [main] org.hibernate.orm.core                   : HHH000001: Hibernate ORM core version 7.4.1.Final
2026-07-31T17:06:56.097+09:00  INFO 46902 --- [skala-shopping] [main] o.s.o.j.p.SpringPersistenceUnitInfo      : No LoadTimeWeaver setup: ignoring JPA class transformer
2026-07-31T17:06:56.109+09:00  INFO 46902 --- [skala-shopping] [main] com.zaxxer.hikari.HikariDataSource       : HikariPool-1 - Starting...
2026-07-31T17:06:56.167+09:00  INFO 46902 --- [skala-shopping] [main] com.zaxxer.hikari.pool.HikariPool        : HikariPool-1 - Added connection conn0: url=jdbc:h2:mem:shopdb user=SA
2026-07-31T17:06:56.168+09:00  INFO 46902 --- [skala-shopping] [main] com.zaxxer.hikari.HikariDataSource       : HikariPool-1 - Start completed.
2026-07-31T17:06:56.191+09:00  INFO 46902 --- [skala-shopping] [main] org.hibernate.orm.connections.pooling    : HHH10001005: Database info:
	Database JDBC URL [jdbc:h2:mem:shopdb]
	Database driver: H2 JDBC Driver
	Database dialect: H2Dialect
	Database version: 2.4.240
	Default catalog/schema: SHOPDB/PUBLIC
	Autocommit mode: undefined/unknown
	Isolation level: READ_COMMITTED [default READ_COMMITTED]
	JDBC fetch size: 100
	Pool: DataSourceConnectionProvider
	Minimum pool size: undefined/unknown
	Maximum pool size: undefined/unknown
2026-07-31T17:06:56.565+09:00  INFO 46902 --- [skala-shopping] [main] org.hibernate.orm.core                   : HHH000489: No JTA platform available (set 'hibernate.transaction.jta.platform' to enable JTA platform integration)
2026-07-31T17:06:56.585+09:00  INFO 46902 --- [skala-shopping] [main] j.LocalContainerEntityManagerFactoryBean : Initialized JPA EntityManagerFactory for persistence unit 'default'
2026-07-31T17:06:56.613+09:00  INFO 46902 --- [skala-shopping] [main] o.s.d.j.r.query.QueryEnhancerFactories   : Hibernate is in classpath; If applicable, HQL parser will be used.
2026-07-31T17:06:56.741+09:00  WARN 46902 --- [skala-shopping] [main] .s.a.UserDetailsServiceAutoConfiguration : 

Using generated security password: 44055594-1ff2-47c3-92a4-99abdacc4422

This generated password is for development use only. Your security configuration must be updated before running your application in production.

2026-07-31T17:06:56.743+09:00  INFO 46902 --- [skala-shopping] [main] r$InitializeUserDetailsManagerConfigurer : Global AuthenticationManager configured with UserDetailsService bean with name inMemoryUserDetailsManager
2026-07-31T17:06:56.918+09:00  INFO 46902 --- [skala-shopping] [main] o.s.boot.tomcat.TomcatWebServer          : Tomcat started on port 8080 (http) with context path '/'
2026-07-31T17:06:56.920+09:00  INFO 46902 --- [skala-shopping] [main] c.s.s.SkalaShoppingApplication           : Started SkalaShoppingApplication in 1.715 seconds (process running for 1.847)
2026-07-31T17:06:59.632+09:00  INFO 46902 --- [skala-shopping] [http-nio-8080-exec-1] o.a.c.c.C.[Tomcat].[localhost].[/]       : Initializing Spring DispatcherServlet 'dispatcherServlet'
2026-07-31T17:06:59.633+09:00  INFO 46902 --- [skala-shopping] [http-nio-8080-exec-1] o.s.web.servlet.DispatcherServlet        : Initializing Servlet 'dispatcherServlet'
2026-07-31T17:06:59.638+09:00  INFO 46902 --- [skala-shopping] [http-nio-8080-exec-1] o.s.web.servlet.DispatcherServlet        : Completed initialization in 5 ms
